https://www.webnovel.com/book/mythical-three-kingdoms_18427226205628505 - Error: 'NoneType' object has no attribute 'title'
https://www.webnovel.com/book/marvel-spin-that-wheel_34186259400015605 - Error: 'NoneType' object has no attribute 'title'
https://www.webnovel.com/book/fairy-tail-not-the-guild-master-this-time_34016609608667305 - Error: 'NoneType' object has no attribute 'title'
https://www.webnovel.com/book/marvel-spin-that-wheel_34186259400015605 - Error: It looks like you are using Playwright Sync API inside the asyncio loop.
Please use the Async API instead.
https://www.webnovel.com/book/fairy-tail-not-the-guild-master-this-time_34016609608667305 - Error: It looks like you are using Playwright Sync API inside the asyncio loop.
Please use the Async API instead.
https://www.webnovel.com/book/marvel-spin-that-wheel_34186259400015605 - Error: It looks like you are using Playwright Sync API inside the asyncio loop.
Please use the Async API instead.
https://www.webnovel.com/book/fairy-tail-not-the-guild-master-this-time_34016609608667305 - Error: It looks like you are using Playwright Sync API inside the asyncio loop.
Please use the Async API instead.
https://www.webnovel.com/book/fleeing-from-konoha_34036615100893305 - Error: It looks like you are using Playwright Sync API inside the asyncio loop.
Please use the Async API instead.
https://www.webnovel.com/book/hogwarts-i'm-more-than-a-dark-lord_34047994408136005 - Error: It looks like you are using Playwright Sync API inside the asyncio loop.
Please use the Async API instead.
https://www.webnovel.com/book/marvel-spin-that-wheel_34186259400015605 - Error: It looks like you are using Playwright Sync API inside the asyncio loop.
Please use the Async API instead.
https://www.webnovel.com/book/fairy-tail-not-the-guild-master-this-time_34016609608667305 - Error: It looks like you are using Playwright Sync API inside the asyncio loop.
Please use the Async API instead.
https://www.webnovel.com/book/fleeing-from-konoha_34036615100893305 - Error: It looks like you are using Playwright Sync API inside the asyncio loop.
Please use the Async API instead.
https://www.webnovel.com/book/hogwarts-i'm-more-than-a-dark-lord_34047994408136005 - Error: It looks like you are using Playwright Sync API inside the asyncio loop.
Please use the Async API instead.
https://www.webnovel.com/book/marvel-spin-that-wheel_34186259400015605 - Error: It looks like you are using Playwright Sync API inside the asyncio loop.
Please use the Async API instead.
https://www.webnovel.com/book/fairy-tail-not-the-guild-master-this-time_34016609608667305 - Error: It looks like you are using Playwright Sync API inside the asyncio loop.
Please use the Async API instead.
https://www.webnovel.com/book/fleeing-from-konoha_34036615100893305 - Error: It looks like you are using Playwright Sync API inside the asyncio loop.
Please use the Async API instead.
https://www.webnovel.com/book/hogwarts-i'm-more-than-a-dark-lord_34047994408136005 - Error: It looks like you are using Playwright Sync API inside the asyncio loop.
Please use the Async API instead.
https://www.webnovel.com/book/marvel-spin-that-wheel_34186259400015605 - Error: It looks like you are using Playwright Sync API inside the asyncio loop.
Please use the Async API instead.
https://www.webnovel.com/book/fairy-tail-not-the-guild-master-this-time_34016609608667305 - Error: It looks like you are using Playwright Sync API inside the asyncio loop.
Please use the Async API instead.
https://www.webnovel.com/book/fleeing-from-konoha_34036615100893305 - Error: It looks like you are using Playwright Sync API inside the asyncio loop.
Please use the Async API instead.
https://www.webnovel.com/book/hogwarts-i'm-more-than-a-dark-lord_34047994408136005 - Error: It looks like you are using Playwright Sync API inside the asyncio loop.
Please use the Async API instead.

======================================================================
Time: 2025-12-05 19:36:31
URL: https://www.webnovel.com/book/house-of-the-dragon-oh-geez!_34257207400299105
Exit Code: 1
======================================================================

======================================================================
Time: 2025-12-05 19:36:41
URL: https://www.webnovel.com/book/avatar-tlab-tai-lung_34078380808505505
Exit Code: 1
======================================================================

======================================================================
Time: 2025-12-05 19:36:51
URL: https://www.webnovel.com/book/samsara-tower-only-i-know-the-plot!_33921120008813005
Exit Code: 1
======================================================================

======================================================================
Time: 2025-12-05 20:29:05
URL: https://www.webnovel.com/book/house-of-the-dragon-oh-geez!_34257207400299105
Exit Code: 1
======================================================================

======================================================================
Time: 2025-12-05 20:29:15
URL: https://www.webnovel.com/book/avatar-tlab-tai-lung_34078380808505505
Exit Code: 1
======================================================================

======================================================================
Time: 2025-12-05 20:29:25
URL: https://www.webnovel.com/book/samsara-tower-only-i-know-the-plot!_33921120008813005
Exit Code: 1
======================================================================

======================================================================
Time: 2025-12-06 18:44:07
URL: https://www.webnovel.com/book/avatar-tlab-tai-lung_34078380808505505
Exit Code: 1
======================================================================

======================================================================
Time: 2025-12-06 18:48:25
URL: https://www.webnovel.com/book/samsara-tower-only-i-know-the-plot!_33921120008813005
Exit Code: 1
======================================================================

======================================================================
Time: 2025-12-07 08:52:38
URL: https://www.webnovel.com/book/house-of-the-dragon-oh-geez!_34257207400299105
Exit Code: 1
======================================================================

======================================================================
Time: 2025-12-07 08:55:16
URL: https://www.webnovel.com/book/house-of-the-dragon-oh-geez!_34257207400299105
Exit Code: 1
======================================================================

======================================================================
Time: 2025-12-07 10:10:24
URL: https://www.webnovel.com/book/house-of-the-dragon-oh-geez!_34257207400299105
Exit Code: 1
======================================================================

======================================================================
Time: 2025-12-07 12:06:38
URL: https://www.webnovel.com/book/house-of-the-dragon-oh-geez!_34257207400299105
Exit Code: 1
======================================================================

======================================================================
Time: 2025-12-07 13:09:47
URL: https://www.webnovel.com/book/house-of-the-dragon-oh-geez!_34257207400299105
Exit Code: 1
======================================================================

======================================================================
Time: 2025-12-07 13:18:31
URL: https://www.webnovel.com/book/house-of-the-dragon-oh-geez!_34257207400299105
Exit Code: 1
======================================================================

======================================================================
Time: 2025-12-07 13:22:01
URL: https://www.webnovel.com/book/house-of-the-dragon-oh-geez!_34257207400299105
Exit Code: 1
======================================================================

======================================================================
Time: 2025-12-07 13:35:21
URL: https://www.webnovel.com/book/house-of-the-dragon-oh-geez!_34257207400299105
Exit Code: 1
======================================================================

======================================================================
Time: 2025-12-10 17:27:16
URL: https://www.webnovel.com/book/house-of-the-dragon-oh-geez!_34257207400299105
Exit Code: 1
======================================================================
